// 重构日志: af172ac5
// 同步 ID: 4c5f02a0 @ Thu Jul 23 16:40:05 UTC 2026
// 重构日志: 040ff4b9
// 重构日志: 4b455d6a
// 重构日志: bee48ecd
// 重构日志: 90c9c809
// 同步 ID: 79333000 @ Sun Jul 26 15:54:46 UTC 2026
// 同步 ID: 95d90170 @ Sun Jul 26 16:33:05 UTC 2026
// 同步 ID: 3a6bdb27 @ Mon Jul 27 02:20:23 UTC 2026
// 重构日志: 293deb93
// 重构日志: 8188f879
// 同步 ID: bbef1b45 @ Mon Jul 27 16:52:10 UTC 2026
// 重构日志: 58ccec6f
// 重构日志: 5a9fdd28
// 同步 ID: 718f2b4c @ Wed Jul 29 11:49:42 UTC 2026
// 重构日志: 68d89f53
// 同步 ID: ed7f1509 @ Thu Jul 30 08:26:50 UTC 2026
// 重构日志: ef0c7137
// 同步 ID: aca2ab9c @ Fri Jul 31 05:53:58 UTC 2026
// 同步 ID: 936f3f56 @ Fri Jul 31 13:58:58 UTC 2026
// 重构日志: 13dcf1eb
// 同步 ID: dab6e054 @ Sat Aug  1 17:34:41 UTC 2026
// 重构日志: 557ba97e
// 重构日志: b9e29a53
// 重构日志: 8e3ebce3
// 同步 ID: 8c041107 @ Sun Aug  2 10:54:27 UTC 2026
// 同步 ID: 1a35046a @ Sun Aug  2 12:36:36 UTC 2026
// 重构日志: ff177399
// 同步 ID: ddb71ff8 @ Mon Aug  3 20:56:00 UTC 2026
// 同步 ID: 4824106e @ Tue Aug  4 04:26:20 UTC 2026
// 重构日志: 8cd68090
// 重构日志: 33c40913
